test/progs/assign_bad_types_err.b:16: invalid type in assignment, expects rel {x: real, y: real, }, found rel {id: int, name: string, }
test/progs/assign_bad_wvar_err.b:10: unknown variable 'does_not_exist'
test/progs/assign_diff_bad_types_err.b:16: use of semidiff with no commmon attributes (rel {x: real, y: real, } and rel {x: int, y: string, })
test/progs/assign_join_bad_types_err.b:15: attribute 'x' is of different type in right rel {x: real, y: real, }
test/progs/assign_union_bad_types_err.b:16: use of union with different types (rel {x: real, y: real, } and rel {id: int, name: string, })
test/progs/extend_attr_exists_err.b:10: attribute 'x' already exists in rel {x: real, y: real, }
test/progs/extend_max_attrs_err.b:19: extend result type exceeds the maximum number of attributes (64)
test/progs/func_bad_res_type_err.b:15: invalid type in return, expects rel {r: real, }, found rel {x: real, y: real, }
test/progs/func_missing_ret_stmt_2_err.b:3: missing return statement in a function with defined return type
test/progs/func_missing_ret_stmt_err.b:12: missing return statement in a function with defined return type
test/progs/func_redecl_err.b:14: function 'svc_name' already defined
test/progs/func_stmt_exceeded_err.b:261: number of statements exceeds the maximum (128)
test/progs/func_unexp_ret_stmt_err.b:11: unexpected return in function with void result type
test/progs/func_unknown_res_type_err.b:9: unknown type 'unknown_t'
test/progs/join_max_attrs_err.b:27: join result type exceeds the maximum number of attributes (64)
test/progs/join_types_err.b:17: attribute 'x' is of different type in right rel {x: real, y: real, }
test/progs/literal_int_overflow_neg_err.b:7: int constant value overflow 2147483649
test/progs/literal_int_overflow_pos_err.b:7: int constant value overflow 2147483648
test/progs/literal_long_overflow_neg_err.b:7: long constant value overflow 9223372036854775809
test/progs/literal_long_overflow_pos_err.b:7: long constant value overflow 9223372036854775808
test/progs/load_unknown_var_err.b:8: unknown variable 'a'
test/progs/params_rel_redecl_param_err.b:8: variable 'p' already defined
test/progs/params_rel_unknown_param_err.b:8: unknown variable 'p'
test/progs/params_rel_unknown_type_err.b:1: unknown type 'unknown_t'
test/progs/primitive_expr_and_err.b:10: expressions must be of the same type, found 'string' and 'int'
test/progs/primitive_expr_conv_str_to_int_err.b:7: conversion from string is not supported
test/progs/primitive_expr_conv_str_to_long_err.b:7: conversion from string is not supported
test/progs/primitive_expr_conv_str_to_real_err.b:7: conversion from string is not supported
test/progs/primitive_expr_div_err.b:16: expressions must be of the same type, found 'string' and 'real'
test/progs/primitive_expr_eq_err.b:10: expressions must be of the same type, found 'real' and 'string'
test/progs/primitive_expr_gt_err.b:10: expressions must be of the same type, found 'string' and 'int'
test/progs/primitive_expr_lt_err.b:10: expressions must be of the same type, found 'real' and 'int'
test/progs/primitive_expr_mul_err.b:16: expressions must be of the same type, found 'int' and 'string'
test/progs/primitive_expr_neq_err.b:10: expressions must be of the same type, found 'int' and 'real'
test/progs/primitive_expr_not_real_err.b:9: expressions must be of type 'int', found 'real'
test/progs/primitive_expr_not_string_err.b:9: expressions must be of type 'int', found 'string'
test/progs/primitive_expr_or_err.b:10: expressions must be of the same type, found 'real' and 'int'
test/progs/primitive_expr_sub_err.b:16: expressions must be of the same type, found 'string' and 'real'
test/progs/primitive_expr_sum_err.b:16: expressions must be of the same type, found 'int' and 'real'
test/progs/primitive_expr_unknown_func_err.b:8: syntax error, unexpected '(', expecting TK_AND or TK_OR or ')'
test/progs/project_bad_attr_err.b:15: unknown attribute 'z' in rel {x: real, y: real, }
test/progs/project_max_attrs_err.b:18: number of attributes exceeds the maximum (64)
test/progs/project_same_attr_err.b:14: attribute 'x' is already used
test/progs/rel_type_max_attrs_err.b:66: number of attributes exceeds the maximum (64)
test/progs/rel_type_max_decl_err.b:141: number of type declarations exceeds the maximum (128)
test/progs/rel_type_same_attr_err.b:4: attribute 'x' is already used
test/progs/rel_type_same_type_err.b:9: type 'point' already defined
test/progs/rel_var_max_vars_err.b:143: number of global variables exceeds the maximum (128)
test/progs/rel_var_name_err.b:6: type 'point' cannot be used as a variable name
test/progs/rel_var_read_after_assign_err.b:8: variable 'gp' cannot be read (it was modified by one of the previous statements)
test/progs/rel_var_reassign_err.b:8: cannot reassign variable 'p'
test/progs/rel_var_redecl_err.b:12: variable 'a' already defined
test/progs/rel_var_redecl_2_err.b:9: variable 'gp' already defined
test/progs/rel_var_unknown_type_err.b:7: unknown type 'doesnt_exist'
test/progs/rename_attr_exists_err.b:11: attribute 'time' already exists in rel {time: int, x: real, y: real, }
test/progs/rename_same_from_err.b:10: attribute 'x' is already used
test/progs/rename_same_to_err.b:10: attribute 'x_coord' already exists in rel {x: real, y: real, }
test/progs/rename_unknown_attr_err.b:10: unknown attribute 'z' in rel {x: real, y: real, }
test/progs/semidiff_types_err.b:16: use of semidiff with no commmon attributes (rel {x: real, y: real, } and rel {building: int, street: string, })
test/progs/summary_attr_err.b:7: unknown attribute 's' in rel {salary: int, }
test/progs/summary_attr_exists_err.b:15: attribute 'salary' already exists in per rel {name: string, salary: int, }
test/progs/summary_common_err.b:13: use of summary with no commmon attributes (rel {salary: int, } and rel {name: string, })
test/progs/summary_def_err.b:7: invalid type of default value, expected 'int', found real
test/progs/summary_expr_err.b:7: only constant expressions are allowed for default values
test/progs/summary_max_attrs_binary_err.b:26: summary result type exceeds the maximum number of attributes (64)
test/progs/summary_max_attrs_unary_err.b:26: number of attributes exceeds the maximum (64)
test/progs/summary_str_err.b:7: invalid type of default value: string
test/progs/tmp_var_redecl_err.b:11: variable 'tmp' already defined
test/progs/tmp_var_unknown_err.b:8: unknown variable 'unknown_tmp_var'
test/progs/union_types_err.b:16: use of union with different types (rel {x: real, y: real, } and rel {building: int, street: string, })
